

processing file: webpage.qmd
1/91                                            
2/91 [unnamed-chunk-1]                          
3/91                                            
4/91 [unnamed-chunk-2]                          
5/91                                            
6/91 [unnamed-chunk-3]                          
7/91                                            
8/91 [unnamed-chunk-4]                          
9/91                                            
10/91 [unnamed-chunk-5]                          
11/91                                            
12/91 [unnamed-chunk-6]                          
13/91                                            
14/91 [unnamed-chunk-7]                          
15/91                                            
16/91 [unnamed-chunk-8]                          
17/91                                            
18/91 [unnamed-chunk-9]                          
19/91                                            
20/91 [data_colditz]                             
21/91                                            
22/91 [data_long_colditz]                        
23/91                                            
24/91 [unnamed-chunk-10]                         
25/91                                            
26/91 [unnamed-chunk-11]                         
27/91                                            
28/91 [biv_glmmTMB]                              
29/91                                            
30/91 [unnamed-chunk-12]                         
31/91                                            
32/91 [unnamed-chunk-13]                         
33/91                                            
34/91 [unnamed-chunk-14]                         
35/91                                            
36/91 [biv_rma.mv]                               
37/91                                            
38/91 [unnamed-chunk-15]                         
39/91                                            
40/91 [unnamed-chunk-16]                         
41/91                                            
42/91 [unnamed-chunk-17]                         
43/91                                            
44/91 [unnamed-chunk-18]                         
45/91                                            
46/91 [unnamed-chunk-19]                         
47/91                                            
48/91 [unnamed-chunk-20]                         
49/91                                            
50/91 [unnamed-chunk-21]                         
51/91                                            
52/91 [unnamed-chunk-22]                         
53/91                                            
54/91 [unnamed-chunk-23]                         
55/91                                            
56/91 [unnamed-chunk-24]                         
57/91                                            
58/91 [unnamed-chunk-25]                         
59/91                                            
60/91 [unnamed-chunk-26]                         
61/91                                            
62/91 [unnamed-chunk-27]                         
63/91                                            
64/91 [unnamed-chunk-28]                         
65/91                                            
66/91 [unnamed-chunk-29]                         
67/91                                            
68/91 [unnamed-chunk-30]                         
69/91                                            
70/91 [unnamed-chunk-31]                         
71/91                                            
72/91 [unnamed-chunk-32]                         
73/91                                            
74/91 [unnamed-chunk-33]                         
75/91                                            
76/91 [unnamed-chunk-34]                         
77/91                                            
78/91 [unnamed-chunk-35]                         
79/91                                            
80/91 [unnamed-chunk-36]                         
81/91                                            
82/91 [unnamed-chunk-37]                         
83/91                                            
84/91 [unnamed-chunk-38]                         
85/91                                            
86/91 [unnamed-chunk-39]                         
87/91                                            
88/91 [unnamed-chunk-40]                         
89/91                                            
90/91 [Reproducibility-SessionInfo-R-environment]
91/91                                            
output file: webpage.knit.md

pandoc 
  to: html
  output-file: webpage.html
  standalone: true
  embed-resources: true
  section-divs: true
  html-math-method: mathjax
  wrap: none
  default-image-extension: png
  toc: true
  toc-depth: 3
  number-sections: true
  
metadata
  document-css: false
  link-citations: true
  date-format: long
  lang: en
  title: Fitting meta-analysis with the `glmmTMB` R package
  subtitle: Supplementary material for Research Synthesis Methods
  author:
    - name: Coralie Williams
      orcid: 0000-0003-1312-4953
  date: last-modified
  bibliography:
    - references.bib
  theme: flatly
  mainfont: Atkinson Hyperlegible
  monofont: Fira Code
  fontsize: 1.05em
  toc-location: left
  toc-title: Table of contents
  toc-expand: 2
  number-depth: 2
  smooth-scroll: true
  anchor-sections: true
  code-copy: true
  fig-cap-location: bottom
  colorlinks: true
  grid:
    body-width: 900px
  
Output created: webpage.html

